###############################################################################
#                                                                             #
# IAR ELF Linker V6.70.1.5641/W32 for ARM               19/Jul/2016  11:17:23 #
# Copyright 2007-2013 IAR Systems AB.                                         #
#                                                                             #
#    Output file  =  C:\Users\yk\Desktop\·ÉË¼¿¨¶û\invincible\Prj\IAR\Debug\Ex #
#                    e\invincible.out                                         #
#    Map file     =  C:\Users\yk\Desktop\·ÉË¼¿¨¶û\invincible\Prj\IAR\Debug\Li #
#                    st\invincible.map                                        #
#    Command line =  C:\Users\yk\Desktop\·ÉË¼¿¨¶û\invincible\Prj\IAR\Debug\Ob #
#                    j\All_config.o C:\Users\yk\Desktop\·ÉË¼¿¨¶û\invincible\P #
#                    rj\IAR\Debug\Obj\FIRE_ASCII.o                            #
#                    C:\Users\yk\Desktop\·ÉË¼¿¨¶û\invincible\Prj\IAR\Debug\Ob #
#                    j\FIRE_key.o C:\Users\yk\Desktop\·ÉË¼¿¨¶û\invincible\Prj #
#                    \IAR\Debug\Obj\FIRE_key_event.o                          #
#                    C:\Users\yk\Desktop\·ÉË¼¿¨¶û\invincible\Prj\IAR\Debug\Ob #
#                    j\FIRE_LED.o C:\Users\yk\Desktop\·ÉË¼¿¨¶û\invincible\Prj #
#                    \IAR\Debug\Obj\FIRE_MK60_conf.o                          #
#                    C:\Users\yk\Desktop\·ÉË¼¿¨¶û\invincible\Prj\IAR\Debug\Ob #
#                    j\FIRE_RTC_count.o C:\Users\yk\Desktop\·ÉË¼¿¨¶û\invincib #
#                    le\Prj\IAR\Debug\Obj\Helper.o                            #
#                    C:\Users\yk\Desktop\·ÉË¼¿¨¶û\invincible\Prj\IAR\Debug\Ob #
#                    j\main.o C:\Users\yk\Desktop\·ÉË¼¿¨¶û\invincible\Prj\IAR #
#                    \Debug\Obj\misc.o C:\Users\yk\Desktop\·ÉË¼¿¨¶û\invincibl #
#                    e\Prj\IAR\Debug\Obj\MK60_adc.o                           #
#                    C:\Users\yk\Desktop\·ÉË¼¿¨¶û\invincible\Prj\IAR\Debug\Ob #
#                    j\MK60_dma.o C:\Users\yk\Desktop\·ÉË¼¿¨¶û\invincible\Prj #
#                    \IAR\Debug\Obj\MK60_DWT.o C:\Users\yk\Desktop\·ÉË¼¿¨¶û\i #
#                    nvincible\Prj\IAR\Debug\Obj\MK60_flash.o                 #
#                    C:\Users\yk\Desktop\·ÉË¼¿¨¶û\invincible\Prj\IAR\Debug\Ob #
#                    j\MK60_flexbus.o C:\Users\yk\Desktop\·ÉË¼¿¨¶û\invincible #
#                    \Prj\IAR\Debug\Obj\MK60_ftm.o                            #
#                    C:\Users\yk\Desktop\·ÉË¼¿¨¶û\invincible\Prj\IAR\Debug\Ob #
#                    j\MK60_gpio.o C:\Users\yk\Desktop\·ÉË¼¿¨¶û\invincible\Pr #
#                    j\IAR\Debug\Obj\MK60_i2c.o C:\Users\yk\Desktop\·ÉË¼¿¨¶û\ #
#                    invincible\Prj\IAR\Debug\Obj\MK60_it.o                   #
#                    C:\Users\yk\Desktop\·ÉË¼¿¨¶û\invincible\Prj\IAR\Debug\Ob #
#                    j\MK60_lptmr.o C:\Users\yk\Desktop\·ÉË¼¿¨¶û\invincible\P #
#                    rj\IAR\Debug\Obj\MK60_mcg.o                              #
#                    C:\Users\yk\Desktop\·ÉË¼¿¨¶û\invincible\Prj\IAR\Debug\Ob #
#                    j\MK60_PIT.o C:\Users\yk\Desktop\·ÉË¼¿¨¶û\invincible\Prj #
#                    \IAR\Debug\Obj\MK60_port.o C:\Users\yk\Desktop\·ÉË¼¿¨¶û\ #
#                    invincible\Prj\IAR\Debug\Obj\MK60_rtc.o                  #
#                    C:\Users\yk\Desktop\·ÉË¼¿¨¶û\invincible\Prj\IAR\Debug\Ob #
#                    j\MK60_spi.o C:\Users\yk\Desktop\·ÉË¼¿¨¶û\invincible\Prj #
#                    \IAR\Debug\Obj\MK60_SysTick.o                            #
#                    C:\Users\yk\Desktop\·ÉË¼¿¨¶û\invincible\Prj\IAR\Debug\Ob #
#                    j\MK60_uart.o C:\Users\yk\Desktop\·ÉË¼¿¨¶û\invincible\Pr #
#                    j\IAR\Debug\Obj\MK60_wdog.o                              #
#                    C:\Users\yk\Desktop\·ÉË¼¿¨¶û\invincible\Prj\IAR\Debug\Ob #
#                    j\mpu6050.o C:\Users\yk\Desktop\·ÉË¼¿¨¶û\invincible\Prj\ #
#                    IAR\Debug\Obj\OLED.o C:\Users\yk\Desktop\·ÉË¼¿¨¶û\invinc #
#                    ible\Prj\IAR\Debug\Obj\startup_MK60DZ10.o                #
#                    C:\Users\yk\Desktop\·ÉË¼¿¨¶û\invincible\Prj\IAR\Debug\Ob #
#                    j\system_MK60DZ10.o C:\Users\yk\Desktop\·ÉË¼¿¨¶û\invinci #
#                    ble\Prj\IAR\Debug\Obj\vectors.o -o                       #
#                    C:\Users\yk\Desktop\·ÉË¼¿¨¶û\invincible\Prj\IAR\Debug\Ex #
#                    e\invincible.out --map C:\Users\yk\Desktop\·ÉË¼¿¨¶û\invi #
#                    ncible\Prj\IAR\Debug\List\invincible.map --config        #
#                    "C:\Users\yk\Desktop\·ÉË¼¿¨¶û\invincible\Prj\IAR\config  #
#                    files\512KB_Pflash.icf" --semihosting --entry            #
#                    __iar_program_start --inline --vfe                       #
#                                                                             #
#                                                                             #
###############################################################################

*******************************************************************************
*** RUNTIME MODEL ATTRIBUTES
***

CppFlavor       = *
__SystemLibrary = DLib


*******************************************************************************
*** PLACEMENT SUMMARY
***

"A1":  place at 0x00000000 { ro section .intvec };
"A2":  place at 0x00000410 { ro section .noinit };
"P1":  place in [from 0x00000000 to 0x00080000] { ro, block CodeRelocate };
"P2":  place in [from 0x1fff0410 to 0x20010000] {
          rw, block CodeRelocateRam, block CSTACK, block HEAP };

  Section              Kind        Address    Size  Object
  -------              ----        -------    ----  ------
"A1":                                        0x410
  .intvec              const    0x00000000   0x410  vectors.o [1]
                              - 0x00000410   0x410

"P1", part 1 of 2:                             0x0
  .rodata              const    0x00000410     0x0  zero_init3.o [5]

"A2":                                          0x8
  .noinit              ro code  0x00000410     0x8  startup_MK60DZ10.o [1]
                              - 0x00000418     0x8

"P1", part 2 of 2:                          0x5a3c
  .text                ro code  0x00000418   0xd7e  xprintffull_nomb.o [3]
  .text                ro code  0x00001196    0x22  zero_init3.o [5]
  .text                ro code  0x000011b8    0x16  strchr.o [5]
  .text                ro code  0x000011d0    0x36  strlen.o [5]
  .text                ro code  0x00001208    0x58  memchr.o [5]
  .text                ro code  0x00001260    0xee  I64DivMod.o [5]
  .text                ro code  0x00001350    0x76  ABImemcpy_unaligned.o [5]
  .text                ro code  0x000013c6    0x42  xdnorm.o [4]
  .text                ro code  0x00001408    0x2e  DblCmpLe.o [4]
  .text                ro code  0x00001438    0x2e  DblCmpGe.o [4]
  .text                ro code  0x00001468   0x10c  xdscale.o [4]
  .text                ro code  0x00001574    0x58  DblToI32.o [4]
  .text                ro code  0x000015cc    0x30  I32ToDbl.o [4]
  .text                ro code  0x000015fc   0x180  DblSub.o [4]
  .text                ro code  0x0000177c   0x1a2  DblMul.o [4]
  .text                ro code  0x00001920   0x246  DblDiv.o [4]
  .text                ro code  0x00001b68    0x6c  localeconv.o [3]
  .text                ro code  0x00001bd4     0xe  div.o [3]
  .text                ro code  0x00001be4     0x2  I64DivZer.o [5]
  .text                ro code  0x00001be8    0xe8  DblAdd.o [4]
  .text                ro code  0x00001cd0   0xc68  All_config.o [1]
  .text                ro code  0x00002938   0x2a8  MK60_adc.o [1]
  .text                ro code  0x00002be0   0x4c4  MK60_ftm.o [1]
  .text                ro code  0x000030a4    0x44  FltToS32.o [4]
  .text                ro code  0x000030e8    0x2e  I32ToFlt.o [4]
  .text                ro code  0x00003118    0xd8  FltMul.o [4]
  .text                ro code  0x000031f0    0x84  FltAdd.o [4]
  .text                ro code  0x00003274    0xe6  FltSub.o [4]
  .text                ro code  0x0000335c    0xfc  FltDiv.o [4]
  .text                ro code  0x00003458    0x90  DblToFlt.o [4]
  .text                ro code  0x000034e8    0x24  FltCmpGe.o [4]
  .text                ro code  0x0000350c    0x24  FltCmpLe.o [4]
  .text                ro code  0x00003530    0x4e  FltToDbl.o [4]
  .text                ro code  0x00003580    0x84  MK60_port.o [1]
  .text                ro code  0x00003604   0x19c  MK60_gpio.o [1]
  .text                ro code  0x000037a0    0xd8  mpu6050.o [1]
  .text                ro code  0x00003878   0x360  OLED.o [1]
  .text                ro code  0x00003bd8    0x7c  MK60_PIT.o [1]
  .text                ro code  0x00003c54    0x50  misc.o [1]
  Veneer               ro code  0x00003ca4     0x8  - Linker created -
  Veneer               ro code  0x00003cac     0x8  - Linker created -
  .text                ro code  0x00003cb4   0x10c  FIRE_MK60_conf.o [1]
  .text                ro code  0x00003dc0   0x37c  MK60_i2c.o [1]
  .text                ro code  0x0000413c    0x6c  MK60_DWT.o [1]
  .text                ro code  0x000041a8    0x64  MK60_SysTick.o [1]
  .text                ro code  0x0000420c    0x24  printf.o [3]
  .text                ro code  0x00004230   0x22c  MK60_uart.o [1]
  .text                ro code  0x0000445c    0x98  FIRE_key.o [1]
  .text                ro code  0x000044f4    0x4c  FIRE_LED.o [1]
  .text                ro code  0x00004540     0x8  abs.o [3]
  .data_init                    0x00004548   0x814  <Block>
    Initializer bytes  ro data  0x00004548   0x814  <for .data-1>
  Veneer               ro code  0x00004d5c     0x8  - Linker created -
  .text                ro code  0x00004d64   0x3c4  MK60_mcg.o [1]
  .text                ro code  0x00005128   0x288  main.o [1]
  .rodata              const    0x000053b0   0x228  OLED.o [1]
  CodeRelocate                  0x000055d8   0x1dc  <Block>
    Initializer bytes  ro data  0x000055d8   0x1dc  <for CodeRelocateRam-1>
  .text                ro code  0x000057b4   0x100  system_MK60DZ10.o [1]
  .text                ro code  0x000058b4    0x40  MK60_wdog.o [1]
  .text                ro code  0x000058f4    0xcc  MK60_it.o [1]
  .rodata              const    0x000059c0    0x80  MK60_i2c.o [1]
  .rodata              const    0x00005a40    0x40  MK60_flash.o [1]
  .rodata              const    0x00005a80    0x40  MK60_gpio.o [1]
  .rodata              const    0x00005ac0    0x40  MK60_SysTick.o [1]
  .rodata              const    0x00005b00    0x40  MK60_uart.o [1]
  .rodata              const    0x00005b40    0x3c  FIRE_MK60_conf.o [1]
  .rodata              const    0x00005b7c    0x3c  MK60_adc.o [1]
  .rodata              const    0x00005bb8    0x3c  MK60_ftm.o [1]
  .rodata              const    0x00005bf4    0x3c  MK60_i2c.o [1]
  .rodata              const    0x00005c30    0x3c  MK60_PIT.o [1]
  .rodata              const    0x00005c6c    0x38  misc.o [1]
  .text                ro code  0x00005ca4    0x28  data_init.o [5]
  .rodata              const    0x00005ccc    0x24  FIRE_MK60_conf.o [1]
  .iar.init_table      const    0x00005cf0    0x10  - Linker created -
  .rodata              const    0x00005d00    0x20  FIRE_MK60_conf.o [1]
  .text                ro code  0x00005d20    0x1a  cmain.o [5]
  .text                ro code  0x00005d3a     0x4  exit.o [3]
  .text                ro code  0x00005d40     0xa  cexit.o [5]
  .text                ro code  0x00005d4c    0x14  exit.o [6]
  .text                ro code  0x00005d60    0x16  xprout.o [3]
  .text                ro code  0x00005d78     0xc  putchar.o [3]
  .rodata              const    0x00005d84    0x14  FIRE_MK60_conf.o [1]
  .text                ro code  0x00005d98     0xc  cstartup_M.o [5]
  .rodata              const    0x00005da4     0x8  main.o [1]
  .rodata              const    0x00005dac     0x8  main.o [1]
  .rodata              const    0x00005db4     0x8  main.o [1]
  .rodata              const    0x00005dbc     0x8  main.o [1]
  .rodata              const    0x00005dc4     0x8  main.o [1]
  Initializer bytes    ro data  0x00005dcc    0x88  <for P2 s0>
                              - 0x00005e54  0x5a3c

"P2", part 1 of 3:                           0x9f0
  .data                         0x1fff0410   0x814  <Block>
    .data-1                     0x1fff0410   0x814  <Init block>
      .data            inited   0x1fff0410     0x8  FIRE_key.o [1]
      .data            inited   0x1fff0418     0x4  FIRE_LED.o [1]
      .data            inited   0x1fff041c   0x708  FIRE_MK60_conf.o [1]
      .data            inited   0x1fff0b24     0x4  main.o [1]
      .data            inited   0x1fff0b28     0x4  main.o [1]
      .data            inited   0x1fff0b2c     0x8  MK60_adc.o [1]
      .data            inited   0x1fff0b34     0xc  MK60_ftm.o [1]
      .data            inited   0x1fff0b40    0x14  MK60_gpio.o [1]
      .data            inited   0x1fff0b54     0x8  MK60_i2c.o [1]
      .data            inited   0x1fff0b5c    0x58  MK60_mcg.o [1]
      .data            inited   0x1fff0bb4     0x4  MK60_mcg.o [1]
      .data            inited   0x1fff0bb8    0x14  MK60_port.o [1]
      .data            inited   0x1fff0bcc    0x18  MK60_uart.o [1]
      .data            inited   0x1fff0be4    0x40  xfiles.o [3]
  CodeRelocateRam               0x1fff0c24   0x1dc  <Block>
    CodeRelocateRam-1           0x1fff0c24   0x1dc  <Init block>
      Veneer           inited   0x1fff0c24     0x8  - Linker created -
      .textrw          inited   0x1fff0c2c   0x188  MK60_flash.o [1]
      .textrw          inited   0x1fff0db4    0x4c  MK60_mcg.o [1]
                              - 0x1fff0e00   0x9f0

"P2", part 2 of 3:                           0x178
  .bss                          0x1fff0e00   0x177  <Block>
    .bss               zero     0x1fff0e00     0x4  All_config.o [1]
    .bss               zero     0x1fff0e04     0x4  All_config.o [1]
    .bss               zero     0x1fff0e08     0x4  All_config.o [1]
    .bss               zero     0x1fff0e0c     0x4  All_config.o [1]
    .bss               zero     0x1fff0e10     0x4  All_config.o [1]
    .bss               zero     0x1fff0e14     0x4  All_config.o [1]
    .bss               zero     0x1fff0e18     0x4  All_config.o [1]
    .bss               zero     0x1fff0e1c     0x4  All_config.o [1]
    .bss               zero     0x1fff0e20     0x4  All_config.o [1]
    .bss               zero     0x1fff0e24     0x4  All_config.o [1]
    .bss               zero     0x1fff0e28     0x4  All_config.o [1]
    .bss               zero     0x1fff0e2c     0x4  All_config.o [1]
    .bss               zero     0x1fff0e30     0x4  All_config.o [1]
    .bss               zero     0x1fff0e34     0x4  All_config.o [1]
    .bss               zero     0x1fff0e38     0x4  All_config.o [1]
    .bss               zero     0x1fff0e3c     0x4  All_config.o [1]
    .bss               zero     0x1fff0e40     0x4  All_config.o [1]
    .bss               zero     0x1fff0e44     0x4  All_config.o [1]
    .bss               zero     0x1fff0e48     0x4  All_config.o [1]
    .bss               zero     0x1fff0e4c     0x4  All_config.o [1]
    .bss               zero     0x1fff0e50     0x4  All_config.o [1]
    .bss               zero     0x1fff0e54     0x4  All_config.o [1]
    .bss               zero     0x1fff0e58     0x4  All_config.o [1]
    .bss               zero     0x1fff0e5c     0x4  All_config.o [1]
    .bss               zero     0x1fff0e60     0x4  All_config.o [1]
    .bss               zero     0x1fff0e64     0x4  All_config.o [1]
    .bss               zero     0x1fff0e68     0x4  All_config.o [1]
    .bss               zero     0x1fff0e6c     0x4  All_config.o [1]
    .bss               zero     0x1fff0e70     0x4  All_config.o [1]
    .bss               zero     0x1fff0e74    0x28  All_config.o [1]
    .bss               zero     0x1fff0e9c     0xc  All_config.o [1]
    .bss               zero     0x1fff0ea8     0x4  All_config.o [1]
    .bss               zero     0x1fff0eac     0x4  All_config.o [1]
    .bss               zero     0x1fff0eb0     0x4  All_config.o [1]
    .bss               zero     0x1fff0eb4     0x4  All_config.o [1]
    .bss               zero     0x1fff0eb8     0x4  All_config.o [1]
    .bss               zero     0x1fff0ebc     0x4  All_config.o [1]
    .bss               zero     0x1fff0ec0     0x4  All_config.o [1]
    .bss               zero     0x1fff0ec4     0x4  main.o [1]
    .bss               zero     0x1fff0ec8     0x4  main.o [1]
    .bss               zero     0x1fff0ecc     0xc  main.o [1]
    .bss               zero     0x1fff0ed8    0x28  main.o [1]
    .bss               zero     0x1fff0f00     0x4  MK60_it.o [1]
    .bss               zero     0x1fff0f04     0x4  MK60_it.o [1]
    .bss               zero     0x1fff0f08     0x4  MK60_it.o [1]
    .bss               zero     0x1fff0f0c     0x4  MK60_it.o [1]
    .bss               zero     0x1fff0f10     0x4  system_MK60DZ10.o [1]
    .bss               zero     0x1fff0f14     0x4  system_MK60DZ10.o [1]
    .bss               zero     0x1fff0f18     0x4  system_MK60DZ10.o [1]
    .bss               zero     0x1fff0f1c    0x50  xfiles.o [3]
    .bss               zero     0x1fff0f6c     0x2  All_config.o [1]
    .bss               zero     0x1fff0f6e     0x1  All_config.o [1]
    .bss               zero     0x1fff0f6f     0x1  All_config.o [1]
    .bss               zero     0x1fff0f70     0x1  All_config.o [1]
    .bss               zero     0x1fff0f71     0x1  All_config.o [1]
    .bss               zero     0x1fff0f72     0x1  All_config.o [1]
    .bss               zero     0x1fff0f73     0x1  All_config.o [1]
    .bss               zero     0x1fff0f74     0x1  mpu6050.o [1]
    .bss               zero     0x1fff0f75     0x1  mpu6050.o [1]
    .bss               zero     0x1fff0f76     0x1  mpu6050.o [1]
                              - 0x1fff0f77   0x177

"P2", part 3 of 3:                            0x88
  P2 s0                         0x1fff0f78    0x88  <Init block>
    __DLIB_PERTHREAD   inited   0x1fff0f78    0x88  localeconv.o [3]
                              - 0x1fff1000    0x88


*******************************************************************************
*** INIT TABLE
***

          Address     Size
          -------     ----
Zero (__iar_zero_init3)
    1 destination range, total size 0x177:
          0x1fff0e00  0x177



*******************************************************************************
*** MODULE SUMMARY
***

    Module                 ro code  rw code  ro data  rw data
    ------                 -------  -------  -------  -------
C:\Users\yk\Desktop\·ÉË¼¿¨¶û\invincible\Prj\IAR\Debug\Obj: [1]
    All_config.o             3 176                        204
    FIRE_LED.o                  76                 4        4
    FIRE_MK60_conf.o           268             1 948    1 800
    FIRE_key.o                 152                 8        8
    MK60_DWT.o                 108
    MK60_PIT.o                 124                60
    MK60_SysTick.o             100                64
    MK60_adc.o                 680                68        8
    MK60_flash.o                        392      456
    MK60_ftm.o               1 220                72       12
    MK60_gpio.o                412                84       20
    MK60_i2c.o                 892               196        8
    MK60_it.o                  204                         16
    MK60_mcg.o                 964       76      168       92
    MK60_port.o                132                20       20
    MK60_uart.o                556                88       24
    MK60_wdog.o                 64
    OLED.o                     864               552
    main.o                     648                48       68
    misc.o                      80                56
    mpu6050.o                  216                          3
    startup_MK60DZ10.o           8
    system_MK60DZ10.o          256                         12
    vectors.o                                  1 040
    ---------------------------------------------------------
    Total:                  11 200      468    4 932    2 299

command line: [2]
    ---------------------------------------------------------
    Total:

dl7M_tlf.a: [3]
    abs.o                        8
    div.o                       14
    exit.o                       4
    localeconv.o               108               136      136
    printf.o                    36
    putchar.o                   12
    xfiles.o                                      64      144
    xprintffull_nomb.o       3 454
    xprout.o                    22
    ---------------------------------------------------------
    Total:                   3 658               200      280

m7M_tl.a: [4]
    DblAdd.o                   232
    DblCmpGe.o                  46
    DblCmpLe.o                  46
    DblDiv.o                   582
    DblMul.o                   418
    DblSub.o                   384
    DblToFlt.o                 144
    DblToI32.o                  88
    FltAdd.o                   132
    FltCmpGe.o                  36
    FltCmpLe.o                  36
    FltDiv.o                   252
    FltMul.o                   216
    FltSub.o                   230
    FltToDbl.o                  78
    FltToS32.o                  68
    I32ToDbl.o                  48
    I32ToFlt.o                  46
    xdnorm.o                    66
    xdscale.o                  268
    ---------------------------------------------------------
    Total:                   3 416

rt7M_tl.a: [5]
    ABImemcpy_unaligned.o      118
    I64DivMod.o                238
    I64DivZer.o                  2
    cexit.o                     10
    cmain.o                     26
    cstartup_M.o                12
    data_init.o                 40
    memchr.o                    88
    strchr.o                    22
    strlen.o                    54
    zero_init3.o                34
    ---------------------------------------------------------
    Total:                     644

shb_l.a: [6]
    exit.o                      20
    ---------------------------------------------------------
    Total:                      20

    Gaps                        30
    Linker created              24        8       24
-------------------------------------------------------------
    Grand Total:            18 992      476    5 156    2 579


*******************************************************************************
*** ENTRY LIST
***

Entry                      Address   Size  Type      Object
-----                      -------   ----  ----      ------
.bss$$Base              0x1fff0e00          --   Gb  - Linker created -
.bss$$Limit             0x1fff0f77          --   Gb  - Linker created -
.data$$Base             0x1fff0410          --   Gb  - Linker created -
.data$$Limit            0x1fff0c24          --   Gb  - Linker created -
.data_init$$Base        0x00004548          --   Gb  - Linker created -
.data_init$$Limit       0x00004d5c          --   Gb  - Linker created -
?main                   0x00005d21         Code  Gb  cmain.o [5]
AD                      0x1fff0e74   0x28  Data  Gb  All_config.o [1]
ADCN                    0x1fff0b2c    0x8  Data  Gb  MK60_adc.o [1]
ASSERT_FAILED_STR       0x00005ccc   0x24  Data  Gb  FIRE_MK60_conf.o [1]
A_X                     0x1fff0e9c    0xc  Data  Gb  All_config.o [1]
CodeRelocate$$Base      0x000055d8          --   Gb  - Linker created -
CodeRelocate$$Limit     0x000057b4          --   Gb  - Linker created -
CodeRelocateRam$$Base   0x1fff0c24          --   Gb  - Linker created -
CodeRelocateRam$$Limit  0x1fff0e00          --   Gb  - Linker created -
DATA_H                  0x1fff0f74    0x1  Data  Gb  mpu6050.o [1]
DATA_L                  0x1fff0f75    0x1  Data  Gb  mpu6050.o [1]
F6x8                    0x000053b0  0x228  Data  Gb  OLED.o [1]
FTMMOT                  0x1fff0e60    0x4  Data  Gb  All_config.o [1]
FTMMOT_L                0x1fff0e58    0x4  Data  Gb  All_config.o [1]
FTMMOT_R                0x1fff0e5c    0x4  Data  Gb  All_config.o [1]
FTMN                    0x1fff0b34    0xc  Data  Gb  MK60_ftm.o [1]
FTM_PWM_Duty            0x00002e5d   0xda  Code  Gb  MK60_ftm.o [1]
FTM_PWM_init            0x00002be1  0x27c  Code  Gb  MK60_ftm.o [1]
FTM_QUAD_Init           0x00002f37  0x106  Code  Gb  MK60_ftm.o [1]
FTM_QUAD_clean          0x00003065   0x28  Code  Gb  MK60_ftm.o [1]
FTM_QUAD_get            0x0000303d   0x28  Code  Gb  MK60_ftm.o [1]
FTM_mot                 0x00002447  0x128  Code  Gb  All_config.o [1]
GPIOX                   0x1fff0b40   0x14  Data  Gb  MK60_gpio.o [1]
GYRO_X                  0x1fff0f08    0x4  Data  Gb  MK60_it.o [1]
GYRO_Z                  0x1fff0f0c    0x4  Data  Gb  MK60_it.o [1]
Gyro_Now                0x1fff0e04    0x4  Data  Gb  All_config.o [1]
I2CN                    0x1fff0b54    0x8  Data  Gb  MK60_i2c.o [1]
IIC_Start               0x00003879   0x24  Code  Gb  OLED.o [1]
IIC_Stop                0x0000389d   0x24  Code  Gb  OLED.o [1]
I_speed                 0x1fff0e34    0x4  Data  Gb  All_config.o [1]
KEY_PTxn                0x1fff0410    0x8  Data  Gb  FIRE_key.o [1]
LED_PTxn                0x1fff0418    0x4  Data  Gb  FIRE_LED.o [1]
MMA7361                 0x1fff0f6c    0x2  Data  Gb  All_config.o [1]
MPU6050                 0x1fff0e08    0x4  Data  Gb  All_config.o [1]
NVIC_EnableIRQ          0x00005129   0x16  Code  Lc  main.o [1]
NVIC_SystemReset        0x00003cb5   0x1a  Code  Lc  FIRE_MK60_conf.o [1]
OLED_Fill               0x00003983   0x3c  Code  Gb  OLED.o [1]
OLED_Init               0x000039bf   0xd6  Code  Gb  OLED.o [1]
OLED_P6x8Ch             0x00003b0d   0x34  Code  Gb  OLED.o [1]
OLED_P6x8Str            0x00003a95   0x78  Code  Gb  OLED.o [1]
OLED_Set_Pos            0x00003957   0x2c  Code  Gb  OLED.o [1]
OLED_WrCmd              0x00003935   0x22  Code  Gb  OLED.o [1]
OLED_WrDat              0x00003913   0x22  Code  Gb  OLED.o [1]
PIT0_IRQHandler         0x000058f5   0xae  Code  Gb  MK60_it.o [1]
PORTX                   0x1fff0bb8   0x14  Data  Gb  MK60_port.o [1]
Print6x8int             0x00003b41   0x8e  Code  Gb  OLED.o [1]
Region$$Table$$Base     0x00005cf0          --   Gb  - Linker created -
Region$$Table$$Limit    0x00005d00          --   Gb  - Linker created -
Reset_Handler           0x00000411         Code  Gb  startup_MK60DZ10.o [1]
SpeedControl            0x000020e1  0x104  Code  Gb  All_config.o [1]
UARTN                   0x1fff0bcc   0x18  Data  Gb  MK60_uart.o [1]
Write_IIC_Byte          0x000038c1   0x52  Code  Gb  OLED.o [1]
_GenldFullNoMb          0x00000f05  0x24a  Code  Lc  xprintffull_nomb.o [3]
_LdtobFullNoMb          0x00000b15  0x3ea  Code  Lc  xprintffull_nomb.o [3]
_LitobFullNoMb          0x00000a01  0x10c  Code  Lc  xprintffull_nomb.o [3]
_Locale_aeabi_lconv     0x1fff0fc8   0x38  Data  Gb  localeconv.o [3]
_Locale_lconv           0x1fff0f78   0x50  Data  Gb  localeconv.o [3]
_PrintfFullNoMb         0x00000419  0x5e2  Code  Gb  xprintffull_nomb.o [3]
_Prout                  0x00005d61   0x16  Code  Gb  xprout.o [3]
_PutcharsFullNoMb       0x0000114f   0x2e  Code  Lc  xprintffull_nomb.o [3]
__BOOT_STACK_ADDRESS {Abs}
                        0x2000fff8          --   Gb  command line/config [2]
__VECTOR_RAM {Abs}      0x1fff0000          --   Gb  command line/config [2]
__VECTOR_TABLE {Abs}    0x00000000          --   Gb  command line/config [2]
__aeabi_cdcmple         0x00001409         Code  Gb  DblCmpLe.o [4]
__aeabi_cdrcmple        0x00001439         Code  Gb  DblCmpGe.o [4]
__aeabi_cfcmple         0x0000350d         Code  Gb  FltCmpLe.o [4]
__aeabi_cfrcmple        0x000034e9         Code  Gb  FltCmpGe.o [4]
__aeabi_d2f             0x00003459         Code  Gb  DblToFlt.o [4]
__aeabi_d2iz            0x00001575         Code  Gb  DblToI32.o [4]
__aeabi_d2uiz           0x000015a1         Code  Gb  DblToI32.o [4]
__aeabi_dadd            0x00001be9         Code  Gb  DblAdd.o [4]
__aeabi_ddiv            0x00001921         Code  Gb  DblDiv.o [4]
__aeabi_dmul            0x0000177d         Code  Gb  DblMul.o [4]
__aeabi_dsub            0x000015fd         Code  Gb  DblSub.o [4]
__aeabi_f2d             0x00003531         Code  Gb  FltToDbl.o [4]
__aeabi_f2iz            0x000030a5         Code  Gb  FltToS32.o [4]
__aeabi_fadd            0x000031f1         Code  Gb  FltAdd.o [4]
__aeabi_fdiv            0x0000335d         Code  Gb  FltDiv.o [4]
__aeabi_fmul            0x00003119         Code  Gb  FltMul.o [4]
__aeabi_fsub            0x00003275         Code  Gb  FltSub.o [4]
__aeabi_i2d             0x000015cd         Code  Gb  I32ToDbl.o [4]
__aeabi_i2f             0x000030e9         Code  Gb  I32ToFlt.o [4]
__aeabi_ldiv0           0x00001be5         Code  Gb  I64DivZer.o [5]
__aeabi_ui2d            0x000015e1         Code  Gb  I32ToDbl.o [4]
__aeabi_uldivmod        0x00001261         Code  Gb  I64DivMod.o [5]
__cmain                 0x00005d21         Code  Gb  cmain.o [5]
__exit                  0x00005d4d   0x14  Code  Gb  exit.o [6]
__iar_Dnorm             0x000013c7   0x42  Code  Gb  xdnorm.o [4]
__iar_Dscale            0x00001469  0x10c  Code  Gb  xdscale.o [4]
__iar_Locale_lconv_init
                        0x00001b69   0x3a  Code  Gb  localeconv.o [3]
__iar_Memchr            0x00001209         Code  Gb  memchr.o [5]
__iar_Stdout            0x1fff0be4   0x40  Data  Gb  xfiles.o [3]
__iar_Strchr            0x000011b9         Code  Gb  strchr.o [5]
__iar_d2uiz             0x000015ad         Code  Gb  DblToI32.o [4]
__iar_dadd              0x00001bfd         Code  Gb  DblAdd.o [4]
__iar_data_init3        0x00005ca5   0x28  Code  Gb  data_init.o [5]
__iar_dsub              0x00001611         Code  Gb  DblSub.o [4]
__iar_dsubStart         0x00001623         Code  Gb  DblSub.o [4]
__iar_fadd              0x00003201         Code  Gb  FltAdd.o [4]
__iar_fsub              0x00003285         Code  Gb  FltSub.o [4]
__iar_fsubStart         0x00003295         Code  Gb  FltSub.o [4]
__iar_program_start     0x00005d99         Code  Gb  cstartup_M.o [5]
__iar_ui2d              0x000015e5         Code  Gb  I32ToDbl.o [4]
__iar_ui2f              0x000030fd         Code  Gb  I32ToFlt.o [4]
__iar_unaligned___aeabi_memcpy
                        0x00001351         Code  Gb  ABImemcpy_unaligned.o [5]
__iar_unaligned___aeabi_memcpy4
                        0x00001371         Code  Gb  ABImemcpy_unaligned.o [5]
__iar_unaligned___aeabi_memcpy8
                        0x00001371         Code  Gb  ABImemcpy_unaligned.o [5]
__iar_zero_init3        0x00001197   0x22  Code  Gb  zero_init3.o [5]
__vector_table          0x00000000  0x410  Data  Gb  vectors.o [1]
_call_main              0x00005d2d         Code  Gb  cmain.o [5]
_exit                   0x00005d41         Code  Gb  cexit.o [5]
_main                   0x00005d37         Code  Gb  cmain.o [5]
abs                     0x00004541    0x8  Code  Gb  abs.o [3]
ad_get                  0x00001cd1  0x2c4  Code  Gb  All_config.o [1]
adc_init                0x00002939  0x20c  Code  Gb  MK60_adc.o [1]
adc_once                0x00002b45   0x46  Code  Gb  MK60_adc.o [1]
adc_start               0x00002b8b   0x40  Code  Lc  MK60_adc.o [1]
angle_offset_vertical   0x1fff0e10    0x4  Data  Gb  All_config.o [1]
assert_failed           0x00003ccf    0xe  Code  Gb  FIRE_MK60_conf.o [1]
bus_clk_khz             0x1fff0f18    0x4  Data  Gb  system_MK60DZ10.o [1]
cha_zhi0                0x1fff0ea8    0x4  Data  Gb  All_config.o [1]
cha_zhi1                0x1fff0eac    0x4  Data  Gb  All_config.o [1]
cha_zhi2                0x1fff0eb0    0x4  Data  Gb  All_config.o [1]
common_startup          0x00005809   0x74  Code  Gb  system_MK60DZ10.o [1]
core_clk_khz            0x1fff0f10    0x4  Data  Gb  system_MK60DZ10.o [1]
core_clk_mhz            0x1fff0f14    0x4  Data  Gb  system_MK60DZ10.o [1]
d_error                 0x1fff0e30    0x4  Data  Gb  All_config.o [1]
data                    0x1fff0f76    0x1  Data  Gb  mpu6050.o [1]
default_isr             0x00003d87   0x1a  Code  Gb  FIRE_MK60_conf.o [1]
div                     0x00001bd5    0xe  Code  Gb  div.o [3]
dwt_delay_ms            0x00004191   0x18  Code  Gb  MK60_DWT.o [1]
dwt_delay_us            0x0000413d   0x42  Code  Gb  MK60_DWT.o [1]
error1                  0x1fff0e2c    0x4  Data  Gb  All_config.o [1]
exit                    0x00005d3b    0x4  Code  Gb  exit.o [3]
fDeltaValue             0x1fff0e0c    0x4  Data  Gb  All_config.o [1]
flash_cmd               0x1fff0c2d   0x20  Code  Gb  MK60_flash.o [1]
flash_erase_sector      0x1fff0c69   0x5c  Code  Gb  MK60_flash.o [1]
flash_init              0x1fff0c4d   0x1c  Code  Gb  MK60_flash.o [1]
flash_write             0x1fff0cc5   0xb2  Code  Gb  MK60_flash.o [1]
fputc                   0x00003cdd   0x12  Code  Gb  FIRE_MK60_conf.o [1]
g_fCarAngle             0x1fff0e14    0x4  Data  Gb  All_config.o [1]
g_fGyroscopeAngleIntegral
                        0x1fff0e18    0x4  Data  Gb  All_config.o [1]
g_fSpeedControlOut      0x1fff0e3c    0x4  Data  Gb  All_config.o [1]
g_fSpeedControlOutNew   0x1fff0e44    0x4  Data  Gb  All_config.o [1]
g_fSpeedControlOutOld   0x1fff0e40    0x4  Data  Gb  All_config.o [1]
g_nSpeedControlPeriod   0x1fff0e38    0x4  Data  Gb  All_config.o [1]
gpio_get                0x0000375d   0x3a  Code  Gb  MK60_gpio.o [1]
gpio_init               0x00003605   0xae  Code  Gb  MK60_gpio.o [1]
gpio_set                0x000036b3   0x72  Code  Gb  MK60_gpio.o [1]
gpio_turn               0x00003725   0x38  Code  Gb  MK60_gpio.o [1]
he_zhi0                 0x1fff0eb4    0x4  Data  Gb  All_config.o [1]
he_zhi1                 0x1fff0eb8    0x4  Data  Gb  All_config.o [1]
he_zhi2                 0x1fff0ebc    0x4  Data  Gb  All_config.o [1]
hundred_t               0x1fff0f00    0x4  Data  Gb  MK60_it.o [1]
i2c_delay               0x00003ed1   0x20  Code  Gb  MK60_i2c.o [1]
i2c_init                0x00003dc1  0x110  Code  Gb  MK60_i2c.o [1]
i2c_read_reg            0x00003ef1  0x168  Code  Gb  MK60_i2c.o [1]
i2c_write_reg           0x00004059   0xca  Code  Gb  MK60_i2c.o [1]
key_check               0x000044c5   0x2a  Code  Gb  FIRE_key.o [1]
key_get                 0x000044ad   0x18  Code  Gb  FIRE_key.o [1]
key_init                0x0000445d   0x50  Code  Gb  FIRE_key.o [1]
last_turn               0x1fff0ec0    0x4  Data  Gb  All_config.o [1]
led_init                0x000044f5   0x38  Code  Gb  FIRE_LED.o [1]
led_turn                0x0000452d    0xe  Code  Gb  FIRE_LED.o [1]
left_heng               0x1fff0f70    0x1  Data  Gb  All_config.o [1]
left_hou                0x1fff0f6e    0x1  Data  Gb  All_config.o [1]
left_zhi                0x1fff0f6f    0x1  Data  Gb  All_config.o [1]
localeconv              0x00001ba3   0x16  Code  Gb  localeconv.o [3]
main                    0x0000513f  0x1f6  Code  Gb  main.o [1]
mcg_cfg                 0x1fff0b5c   0x58  Data  Gb  MK60_mcg.o [1]
mcg_div                 0x1fff0bb4    0x4  Data  Gb  MK60_mcg.o [1]
mcg_div_count           0x00004d65  0x2f4  Code  Gb  MK60_mcg.o [1]
memchr                  0x00001209         Code  Gb  memchr.o [5]
mpu6050_GYRO_X_data     0x0000380d   0x2e  Code  Gb  mpu6050.o [1]
mpu6050_GYRO_Z_data     0x0000383b   0x2e  Code  Gb  mpu6050.o [1]
mpu6050_init            0x000037a1   0x6c  Code  Gb  mpu6050.o [1]
my_switch               0x0000269d  0x182  Code  Gb  All_config.o [1]
obuf                    0x1fff0f1c   0x50  Data  Lc  xfiles.o [3]
pid_acc                 0x000021e5   0x50  Code  Gb  All_config.o [1]
pid_bal                 0x000022ed  0x15a  Code  Gb  All_config.o [1]
pid_turn                0x00002235   0xb8  Code  Gb  All_config.o [1]
pit_init                0x00003bd9   0x6c  Code  Gb  MK60_PIT.o [1]
plan                    0x1fff0ed8   0x28  Data  Gb  main.o [1]
pll_init                0x00005059   0xb2  Code  Gb  MK60_mcg.o [1]
port_init               0x00003581   0x2e  Code  Gb  MK60_port.o [1]
port_init_NoALT         0x000035af   0x4c  Code  Gb  MK60_port.o [1]
pos_error               0x1fff0e64    0x4  Data  Gb  All_config.o [1]
pos_feedback            0x1fff0e70    0x4  Data  Gb  All_config.o [1]
pos_kd                  0x1fff0e50    0x4  Data  Gb  All_config.o [1]
pos_kp                  0x1fff0e4c    0x4  Data  Gb  All_config.o [1]
pos_ud                  0x1fff0e6c    0x4  Data  Gb  All_config.o [1]
pos_up                  0x1fff0e68    0x4  Data  Gb  All_config.o [1]
position                0x00001f95  0x14c  Code  Gb  All_config.o [1]
printf                  0x0000420d   0x24  Code  Gb  printf.o [3]
putchar                 0x00005d79    0xc  Code  Gb  putchar.o [3]
reference1              0x1fff0b24    0x4  Data  Gb  main.o [1]
reference2              0x1fff0b28    0x4  Data  Gb  main.o [1]
result                  0x1fff0e54    0x4  Data  Gb  All_config.o [1]
right_heng              0x1fff0f71    0x1  Data  Gb  All_config.o [1]
right_hou               0x1fff0f73    0x1  Data  Gb  All_config.o [1]
right_zhi               0x1fff0f72    0x1  Data  Gb  All_config.o [1]
set_sys_dividers        0x1fff0db5   0x4c  Code  Gb  MK60_mcg.o [1]
set_vector_handler      0x00003c77   0x22  Code  Gb  misc.o [1]
speed_Start             0x1fff0e1c    0x4  Data  Gb  All_config.o [1]
start                   0x000057b5   0x18  Code  Gb  system_MK60DZ10.o [1]
start_check             0x00003cef   0x98  Code  Gb  FIRE_MK60_conf.o [1]
stop_flag               0x1fff0f04    0x4  Data  Gb  MK60_it.o [1]
strategy                0x1fff0e00    0x4  Data  Gb  All_config.o [1]
strchr                  0x000011b9         Code  Gb  strchr.o [5]
strlen                  0x000011d1         Code  Gb  strlen.o [5]
sysinit                 0x000057cd   0x3c  Code  Gb  system_MK60DZ10.o [1]
system_init             0x0000256f  0x128  Code  Gb  All_config.o [1]
systick_delay           0x000041a9   0x36  Code  Gb  MK60_SysTick.o [1]
systick_delay_ms        0x000041df   0x18  Code  Gb  MK60_SysTick.o [1]
uart_init               0x00004231  0x1f8  Code  Gb  MK60_uart.o [1]
uart_putchar            0x00004429   0x1a  Code  Gb  MK60_uart.o [1]
var                     0x1fff0ecc    0xc  Data  Gb  main.o [1]
vector_str              0x1fff041c  0x708  Data  Gb  FIRE_MK60_conf.o [1]
vi_FeedBack             0x1fff0e20    0x4  Data  Gb  All_config.o [1]
vi_PreDerror            0x1fff0e28    0x4  Data  Gb  All_config.o [1]
vi_PreError             0x1fff0e24    0x4  Data  Gb  All_config.o [1]
vi_Ref                  0x1fff0e48    0x4  Data  Gb  All_config.o [1]
wdog_disable            0x000058b5   0x16  Code  Gb  MK60_wdog.o [1]
wdog_unlock             0x000058cd   0x20  Code  Lc  MK60_wdog.o [1]
write_vtor              0x00003c55   0x22  Code  Gb  misc.o [1]
zhuansuL                0x1fff0ec4    0x4  Data  Gb  main.o [1]
zhuansuR                0x1fff0ec8    0x4  Data  Gb  main.o [1]


[1] = C:\Users\yk\Desktop\·ÉË¼¿¨¶û\invincible\Prj\IAR\Debug\Obj
[2] = command line
[3] = dl7M_tlf.a
[4] = m7M_tl.a
[5] = rt7M_tl.a
[6] = shb_l.a

  18 992 bytes of readonly  code memory
     476 bytes of readwrite code memory
   5 156 bytes of readonly  data memory
   2 579 bytes of readwrite data memory

Errors: none
Warnings: none
